// Jest Snapshot v1, https://goo.gl/fbAQLP

exports[`<Education /> renders correctly 1`] = `
ShallowWrapper {
  Symbol(enzyme.__root__): [Circular],
  Symbol(enzyme.__unrendered__): <Education
    datas={
      Array [
        Object {
          "description": "B.S. in Mongolian University of Science and Technology, Ulaanbaatar (2013 - 2018)",
          "id": 1,
          "items": Array [
            "Major in Computer Science",
          ],
        },
      ]
    }
  />,
  Symbol(enzyme.__renderer__): Object {
    "batchedUpdates": [Function],
    "getNode": [Function],
    "render": [Function],
    "simulateError": [Function],
    "simulateEvent": [Function],
    "unmount": [Function],
  },
  Symbol(enzyme.__node__): Object {
    "instance": null,
    "key": undefined,
    "nodeType": "function",
    "props": Object {
      "children": Array [
        <h3>
          Education
        </h3>,
        Array [
          <div>
            B.S. in Mongolian University of Science and Technology, Ulaanbaatar (2013 - 2018)
            <List
              items={
                Array [
                  "Major in Computer Science",
                ]
              }
            />
          </div>,
        ],
      ],
    },
    "ref": null,
    "rendered": Array [
      Object {
        "instance": null,
        "key": undefined,
        "nodeType": "host",
        "props": Object {
          "children": "Education",
        },
        "ref": null,
        "rendered": "Education",
        "type": "h3",
      },
      Object {
        "instance": null,
        "key": "1",
        "nodeType": "host",
        "props": Object {
          "children": Array [
            "B.S. in Mongolian University of Science and Technology, Ulaanbaatar (2013 - 2018)",
            <List
              items={
                Array [
                  "Major in Computer Science",
                ]
              }
            />,
          ],
        },
        "ref": null,
        "rendered": Array [
          "B.S. in Mongolian University of Science and Technology, Ulaanbaatar (2013 - 2018)",
          Object {
            "instance": null,
            "key": undefined,
            "nodeType": "function",
            "props": Object {
              "items": Array [
                "Major in Computer Science",
              ],
            },
            "ref": null,
            "rendered": null,
            "type": [Function],
          },
        ],
        "type": "div",
      },
    ],
    "type": Symbol(react.fragment),
  },
  Symbol(enzyme.__nodes__): Array [
    Object {
      "instance": null,
      "key": undefined,
      "nodeType": "function",
      "props": Object {
        "children": Array [
          <h3>
            Education
          </h3>,
          Array [
            <div>
              B.S. in Mongolian University of Science and Technology, Ulaanbaatar (2013 - 2018)
              <List
                items={
                  Array [
                    "Major in Computer Science",
                  ]
                }
              />
            </div>,
          ],
        ],
      },
      "ref": null,
      "rendered": Array [
        Object {
          "instance": null,
          "key": undefined,
          "nodeType": "host",
          "props": Object {
            "children": "Education",
          },
          "ref": null,
          "rendered": "Education",
          "type": "h3",
        },
        Object {
          "instance": null,
          "key": "1",
          "nodeType": "host",
          "props": Object {
            "children": Array [
              "B.S. in Mongolian University of Science and Technology, Ulaanbaatar (2013 - 2018)",
              <List
                items={
                  Array [
                    "Major in Computer Science",
                  ]
                }
              />,
            ],
          },
          "ref": null,
          "rendered": Array [
            "B.S. in Mongolian University of Science and Technology, Ulaanbaatar (2013 - 2018)",
            Object {
              "instance": null,
              "key": undefined,
              "nodeType": "function",
              "props": Object {
                "items": Array [
                  "Major in Computer Science",
                ],
              },
              "ref": null,
              "rendered": null,
              "type": [Function],
            },
          ],
          "type": "div",
        },
      ],
      "type": Symbol(react.fragment),
    },
  ],
  Symbol(enzyme.__options__): Object {
    "adapter": ReactSixteenAdapter {
      "options": Object {
        "enableComponentDidUpdateOnSetState": true,
        "lifecycles": Object {
          "componentDidUpdate": Object {
            "onSetState": true,
          },
          "getDerivedStateFromProps": true,
          "getSnapshotBeforeUpdate": true,
          "setState": Object {
            "skipsComponentDidUpdateOnNullish": true,
          },
        },
      },
    },
  },
}
`;
